CUDA: True
NVIDIA GH200 120GB
[OK] Wrote shared sensors: /work/hdd/bewv/smahesh1/ShadowHand-TQC/generated/studies/sphere_v1_demo/candidates/n0500_a0p3_b0p6/obj_size_small_ar_high_macro_low_rough_high/rigid/custom_obj_size_small_ar_high_macro_low_rough_high_500_1.071429_0.714286/shared_touch_sensors_500_1.071429_0.714286.xml
     Totals: Np=78 Npx=301 Nt=121 (sum 500)
# ---- Merge Touch Sites (7:1:1 split + coverage) ----
Input base:    assets/hand_base.xml
Input sensors: /work/hdd/bewv/smahesh1/ShadowHand-TQC/generated/studies/sphere_v1_demo/candidates/n0500_a0p3_b0p6/obj_size_small_ar_high_macro_low_rough_high/rigid/custom_obj_size_small_ar_high_macro_low_rough_high_500_1.071429_0.714286/shared_touch_sensors_500_1.071429_0.714286.xml
Output file:   /work/hdd/bewv/smahesh1/ShadowHand-TQC/generated/studies/sphere_v1_demo/candidates/n0500_a0p3_b0p6/obj_size_small_ar_high_macro_low_rough_high/rigid/custom_obj_size_small_ar_high_macro_low_rough_high_500_1.071429_0.714286/Sensors_withPos_500_1.071429_0.714286.xml

Per (body, face) site counts:
  robot0:ffdistal          back : 3
  robot0:ffdistal          front: 20
  robot0:ffdistal          left : 1
  robot0:ffdistal          right: 1
  robot0:ffmiddle          back : 3
  robot0:ffmiddle          front: 25
  robot0:ffmiddle          left : 1
  robot0:ffmiddle          right: 2
  robot0:ffproximal        back : 3
  robot0:ffproximal        front: 24
  robot0:ffproximal        left : 1
  robot0:ffproximal        right: 2
  robot0:lfdistal          back : 3
  robot0:lfdistal          front: 19
  robot0:lfdistal          left : 1
  robot0:lfdistal          right: 1
  robot0:lfmetacarpal      front: 12
  robot0:lfmiddle          back : 3
  robot0:lfmiddle          front: 24
  robot0:lfmiddle          left : 1
  robot0:lfmiddle          right: 2
  robot0:lfproximal        back : 3
  robot0:lfproximal        front: 24
  robot0:lfproximal        left : 1
  robot0:lfproximal        right: 2
  robot0:mfdistal          back : 3
  robot0:mfdistal          front: 19
  robot0:mfdistal          left : 1
  robot0:mfdistal          right: 1
  robot0:mfmiddle          back : 3
  robot0:mfmiddle          front: 24
  robot0:mfmiddle          left : 1
  robot0:mfmiddle          right: 2
  robot0:mfproximal        back : 3
  robot0:mfproximal        front: 24
  robot0:mfproximal        left : 1
  robot0:mfproximal        right: 2
  robot0:palm              front: 66
  robot0:rfdistal          back : 3
  robot0:rfdistal          front: 19
  robot0:rfdistal          left : 1
  robot0:rfdistal          right: 1
  robot0:rfmiddle          back : 3
  robot0:rfmiddle          front: 24
  robot0:rfmiddle          left : 1
  robot0:rfmiddle          right: 2
  robot0:rfproximal        back : 3
  robot0:rfproximal        front: 24
  robot0:rfproximal        left : 1
  robot0:rfproximal        right: 2
  robot0:thdistal          back : 3
  robot0:thdistal          front: 19
  robot0:thdistal          left : 1
  robot0:thdistal          right: 1
  robot0:thmiddle          back : 3
  robot0:thmiddle          front: 24
  robot0:thmiddle          left : 1
  robot0:thmiddle          right: 2
  robot0:thproximal        back : 3
  robot0:thproximal        front: 24
  robot0:thproximal        left : 1
  robot0:thproximal        right: 2
[OK] Wrote robot hand with sites: /work/hdd/bewv/smahesh1/ShadowHand-TQC/generated/studies/sphere_v1_demo/candidates/n0500_a0p3_b0p6/obj_size_small_ar_high_macro_low_rough_high/rigid/custom_obj_size_small_ar_high_macro_low_rough_high_500_1.071429_0.714286/Sensors_withPos_500_1.071429_0.714286.xml
[OK] Copied custom .msh: /work/hdd/bewv/smahesh1/ShadowHand-TQC/generated/studies/sphere_v1_demo/candidates/n0500_a0p3_b0p6/obj_size_small_ar_high_macro_low_rough_high/rigid/stls/hand/obj_size_small_ar_high_macro_low_rough_high_obj_size-small_ar-high_macro-low_rough-high.msh
[OK] Wrote MSH diagnostics: /work/hdd/bewv/smahesh1/ShadowHand-TQC/generated/studies/sphere_v1_demo/candidates/n0500_a0p3_b0p6/obj_size_small_ar_high_macro_low_rough_high/rigid/custom_obj_size_small_ar_high_macro_low_rough_high_500_1.071429_0.714286/obj_size_small_ar_high_macro_low_rough_high_obj_size-small_ar-high_macro-low_rough-high_msh_diagnostics.json
[OK] Wrote standalone env: /work/hdd/bewv/smahesh1/ShadowHand-TQC/generated/studies/sphere_v1_demo/candidates/n0500_a0p3_b0p6/obj_size_small_ar_high_macro_low_rough_high/rigid/custom_obj_size_small_ar_high_macro_low_rough_high_500_1.071429_0.714286/manipulate_custom_obj_size_small_ar_high_macro_low_rough_high_touch_sensors_500_1.071429_0.714286.xml
[OK] Copied asset: /work/hdd/bewv/smahesh1/ShadowHand-TQC/generated/studies/sphere_v1_demo/candidates/n0500_a0p3_b0p6/obj_size_small_ar_high_macro_low_rough_high/rigid/custom_obj_size_small_ar_high_macro_low_rough_high_500_1.071429_0.714286/shared.xml
[OK] Copied asset: /work/hdd/bewv/smahesh1/ShadowHand-TQC/generated/studies/sphere_v1_demo/candidates/n0500_a0p3_b0p6/obj_size_small_ar_high_macro_low_rough_high/rigid/custom_obj_size_small_ar_high_macro_low_rough_high_500_1.071429_0.714286/shared_asset.xml
[OK] Copied mesh: /work/hdd/bewv/smahesh1/ShadowHand-TQC/generated/studies/sphere_v1_demo/candidates/n0500_a0p3_b0p6/obj_size_small_ar_high_macro_low_rough_high/rigid/stls/hand/F1.stl
[OK] Copied mesh: /work/hdd/bewv/smahesh1/ShadowHand-TQC/generated/studies/sphere_v1_demo/candidates/n0500_a0p3_b0p6/obj_size_small_ar_high_macro_low_rough_high/rigid/stls/hand/TH2_z.stl
[OK] Copied mesh: /work/hdd/bewv/smahesh1/ShadowHand-TQC/generated/studies/sphere_v1_demo/candidates/n0500_a0p3_b0p6/obj_size_small_ar_high_macro_low_rough_high/rigid/stls/hand/TH1_z.stl
[OK] Copied mesh: /work/hdd/bewv/smahesh1/ShadowHand-TQC/generated/studies/sphere_v1_demo/candidates/n0500_a0p3_b0p6/obj_size_small_ar_high_macro_low_rough_high/rigid/stls/hand/knuckle.stl
[OK] Copied mesh: /work/hdd/bewv/smahesh1/ShadowHand-TQC/generated/studies/sphere_v1_demo/candidates/n0500_a0p3_b0p6/obj_size_small_ar_high_macro_low_rough_high/rigid/stls/hand/wrist.stl
[OK] Copied mesh: /work/hdd/bewv/smahesh1/ShadowHand-TQC/generated/studies/sphere_v1_demo/candidates/n0500_a0p3_b0p6/obj_size_small_ar_high_macro_low_rough_high/rigid/stls/hand/lfmetacarpal.stl
[OK] Copied mesh: /work/hdd/bewv/smahesh1/ShadowHand-TQC/generated/studies/sphere_v1_demo/candidates/n0500_a0p3_b0p6/obj_size_small_ar_high_macro_low_rough_high/rigid/stls/hand/TH3_z.stl
[OK] Copied mesh: /work/hdd/bewv/smahesh1/ShadowHand-TQC/generated/studies/sphere_v1_demo/candidates/n0500_a0p3_b0p6/obj_size_small_ar_high_macro_low_rough_high/rigid/stls/hand/forearm_electric.stl
[OK] Copied mesh: /work/hdd/bewv/smahesh1/ShadowHand-TQC/generated/studies/sphere_v1_demo/candidates/n0500_a0p3_b0p6/obj_size_small_ar_high_macro_low_rough_high/rigid/stls/hand/F2.stl
[OK] Copied mesh: /work/hdd/bewv/smahesh1/ShadowHand-TQC/generated/studies/sphere_v1_demo/candidates/n0500_a0p3_b0p6/obj_size_small_ar_high_macro_low_rough_high/rigid/stls/hand/palm.stl
[OK] Copied mesh: /work/hdd/bewv/smahesh1/ShadowHand-TQC/generated/studies/sphere_v1_demo/candidates/n0500_a0p3_b0p6/obj_size_small_ar_high_macro_low_rough_high/rigid/stls/hand/F3.stl
[OK] Copied mesh: /work/hdd/bewv/smahesh1/ShadowHand-TQC/generated/studies/sphere_v1_demo/candidates/n0500_a0p3_b0p6/obj_size_small_ar_high_macro_low_rough_high/rigid/stls/hand/forearm_electric_cvx.stl
[OK] Copied texture: /work/hdd/bewv/smahesh1/ShadowHand-TQC/generated/studies/sphere_v1_demo/candidates/n0500_a0p3_b0p6/obj_size_small_ar_high_macro_low_rough_high/rigid/textures/block_hidden.png
[OK] Copied texture: /work/hdd/bewv/smahesh1/ShadowHand-TQC/generated/studies/sphere_v1_demo/candidates/n0500_a0p3_b0p6/obj_size_small_ar_high_macro_low_rough_high/rigid/textures/block.png
Starting training with environment: n0500_a0p3_b0p6_obj_size_small_ar_high_macro_low_rough_high_rigid
Using 16 parallel environments
Eval frequency: 20000 timesteps
Total timesteps: 16000000.0
Using torch device: cuda
Adjusted buffer size: 4000000
Using cuda device
Logging to /work/hdd/bewv/smahesh1/ShadowHand-TQC/generated/studies/sphere_v1_demo/candidates/n0500_a0p3_b0p6/obj_size_small_ar_high_macro_low_rough_high/rigid/runs/n0500_a0p3_b0p6_obj_size_small_ar_high_macro_low_rough_high_rigid_16env_0/TQC_1
---------------------------------
| rollout/           |          |
|    ep_len_mean     | 200      |
|    ep_rew_mean     | -200     |
|    success_rate    | 0        |
| time/              |          |
|    episodes        | 4        |
|    fps             | 438      |
|    time_elapsed    | 7        |
|    total_timesteps | 3200     |
---------------------------------
---------------------------------
| rollout/           |          |
|    ep_len_mean     | 200      |
|    ep_rew_mean     | -200     |
|    success_rate    | 0        |
| time/              |          |
|    episodes        | 8        |
|    fps             | 427      |
|    time_elapsed    | 7        |
|    total_timesteps | 3200     |
---------------------------------
---------------------------------
| rollout/           |          |
|    ep_len_mean     | 200      |
|    ep_rew_mean     | -200     |
|    success_rate    | 0        |
| time/              |          |
|    episodes        | 12       |
|    fps             | 427      |
|    time_elapsed    | 7        |
|    total_timesteps | 3200     |
---------------------------------
---------------------------------
| rollout/           |          |
|    ep_len_mean     | 200      |
|    ep_rew_mean     | -200     |
|    success_rate    | 0        |
| time/              |          |
|    episodes        | 16       |
|    fps             | 426      |
|    time_elapsed    | 7        |
|    total_timesteps | 3200     |
---------------------------------
---------------------------------
| rollout/           |          |
|    ep_len_mean     | 200      |
|    ep_rew_mean     | -200     |
|    success_rate    | 0        |
| time/              |          |
|    episodes        | 20       |
|    fps             | 460      |
|    time_elapsed    | 13       |
|    total_timesteps | 6400     |
---------------------------------
---------------------------------
| rollout/           |          |
|    ep_len_mean     | 200      |
|    ep_rew_mean     | -200     |
|    success_rate    | 0        |
| time/              |          |
|    episodes        | 24       |
|    fps             | 460      |
|    time_elapsed    | 13       |
|    total_timesteps | 6400     |
---------------------------------
---------------------------------
| rollout/           |          |
|    ep_len_mean     | 200      |
|    ep_rew_mean     | -200     |
|    success_rate    | 0        |
| time/              |          |
|    episodes        | 28       |
|    fps             | 460      |
|    time_elapsed    | 13       |
|    total_timesteps | 6400     |
---------------------------------
---------------------------------
| rollout/           |          |
|    ep_len_mean     | 200      |
|    ep_rew_mean     | -200     |
|    success_rate    | 0        |
| time/              |          |
|    episodes        | 32       |
|    fps             | 460      |
|    time_elapsed    | 13       |
|    total_timesteps | 6400     |
---------------------------------
---------------------------------
| rollout/           |          |
|    ep_len_mean     | 200      |
|    ep_rew_mean     | -200     |
|    success_rate    | 0        |
| time/              |          |
|    episodes        | 36       |
|    fps             | 414      |
|    time_elapsed    | 23       |
|    total_timesteps | 9600     |
| train/             |          |
|    actor_loss      | -57.2    |
|    critic_loss     | 0.629    |
|    ent_coef        | 0.907    |
|    ent_coef_loss   | -3.3     |
|    learning_rate   | 0.001    |
|    n_updates       | 99       |
---------------------------------
---------------------------------
| rollout/           |          |
|    ep_len_mean     | 200      |
|    ep_rew_mean     | -200     |
|    success_rate    | 0        |
| time/              |          |
|    episodes        | 40       |
|    fps             | 414      |
|    time_elapsed    | 23       |
|    total_timesteps | 9600     |
---------------------------------
---------------------------------
| rollout/           |          |
|    ep_len_mean     | 200      |
|    ep_rew_mean     | -200     |
|    success_rate    | 0        |
| time/              |          |
|    episodes        | 44       |
|    fps             | 414      |
|    time_elapsed    | 23       |
|    total_timesteps | 9600     |
---------------------------------
---------------------------------
| rollout/           |          |
|    ep_len_mean     | 200      |
|    ep_rew_mean     | -200     |
|    success_rate    | 0        |
| time/              |          |
|    episodes        | 48       |
|    fps             | 413      |
|    time_elapsed    | 23       |
|    total_timesteps | 9600     |
---------------------------------
---------------------------------
| rollout/           |          |
|    ep_len_mean     | 200      |
|    ep_rew_mean     | -200     |
|    success_rate    | 0        |
| time/              |          |
|    episodes        | 52       |
|    fps             | 368      |
|    time_elapsed    | 34       |
|    total_timesteps | 12800    |
| train/             |          |
|    actor_loss      | -119     |
|    critic_loss     | 0.7      |
|    ent_coef        | 0.744    |
|    ent_coef_loss   | -9.52    |
|    learning_rate   | 0.001    |
|    n_updates       | 299      |
---------------------------------
---------------------------------
| rollout/           |          |
|    ep_len_mean     | 200      |
|    ep_rew_mean     | -200     |
|    success_rate    | 0        |
| time/              |          |
|    episodes        | 56       |
|    fps             | 368      |
|    time_elapsed    | 34       |
|    total_timesteps | 12800    |
---------------------------------
---------------------------------
| rollout/           |          |
|    ep_len_mean     | 200      |
|    ep_rew_mean     | -200     |
|    success_rate    | 0        |
| time/              |          |
|    episodes        | 60       |
|    fps             | 368      |
|    time_elapsed    | 34       |
|    total_timesteps | 12800    |
---------------------------------
---------------------------------
| rollout/           |          |
|    ep_len_mean     | 200      |
|    ep_rew_mean     | -200     |
|    success_rate    | 0        |
| time/              |          |
|    episodes        | 64       |
|    fps             | 368      |
|    time_elapsed    | 34       |
|    total_timesteps | 12800    |
---------------------------------
---------------------------------
| rollout/           |          |
|    ep_len_mean     | 200      |
|    ep_rew_mean     | -200     |
|    success_rate    | 0        |
| time/              |          |
|    episodes        | 68       |
|    fps             | 344      |
|    time_elapsed    | 46       |
|    total_timesteps | 16000    |
| train/             |          |
|    actor_loss      | -145     |
|    critic_loss     | 0.919    |
|    ent_coef        | 0.614    |
|    ent_coef_loss   | -14.9    |
|    learning_rate   | 0.001    |
|    n_updates       | 499      |
---------------------------------
---------------------------------
| rollout/           |          |
|    ep_len_mean     | 200      |
|    ep_rew_mean     | -200     |
|    success_rate    | 0        |
| time/              |          |
|    episodes        | 72       |
|    fps             | 344      |
|    time_elapsed    | 46       |
|    total_timesteps | 16000    |
---------------------------------
---------------------------------
| rollout/           |          |
|    ep_len_mean     | 200      |
|    ep_rew_mean     | -200     |
|    success_rate    | 0        |
| time/              |          |
|    episodes        | 76       |
|    fps             | 344      |
|    time_elapsed    | 46       |
|    total_timesteps | 16000    |
---------------------------------
---------------------------------
| rollout/           |          |
|    ep_len_mean     | 200      |
|    ep_rew_mean     | -200     |
|    success_rate    | 0        |
| time/              |          |
|    episodes        | 80       |
|    fps             | 344      |
|    time_elapsed    | 46       |
|    total_timesteps | 16000    |
---------------------------------
---------------------------------
| rollout/           |          |
|    ep_len_mean     | 200      |
|    ep_rew_mean     | -200     |
|    success_rate    | 0        |
| time/              |          |
|    episodes        | 84       |
|    fps             | 329      |
|    time_elapsed    | 58       |
|    total_timesteps | 19200    |
| train/             |          |
|    actor_loss      | -150     |
|    critic_loss     | 0.956    |
|    ent_coef        | 0.507    |
|    ent_coef_loss   | -20.4    |
|    learning_rate   | 0.001    |
|    n_updates       | 699      |
---------------------------------
---------------------------------
| rollout/           |          |
|    ep_len_mean     | 200      |
|    ep_rew_mean     | -200     |
|    success_rate    | 0        |
| time/              |          |
|    episodes        | 88       |
|    fps             | 329      |
|    time_elapsed    | 58       |
|    total_timesteps | 19200    |
---------------------------------
---------------------------------
| rollout/           |          |
|    ep_len_mean     | 200      |
|    ep_rew_mean     | -200     |
|    success_rate    | 0        |
| time/              |          |
|    episodes        | 92       |
|    fps             | 329      |
|    time_elapsed    | 58       |
|    total_timesteps | 19200    |
---------------------------------
---------------------------------
| rollout/           |          |
|    ep_len_mean     | 200      |
|    ep_rew_mean     | -200     |
|    success_rate    | 0        |
| time/              |          |
|    episodes        | 96       |
|    fps             | 329      |
|    time_elapsed    | 58       |
|    total_timesteps | 19200    |
---------------------------------

Running evaluation at 20000 timesteps...
Successfully copied normalization stats
Evaluation results: {'eval/mean_reward': np.float32(-200.0), 'eval/std_reward': np.float32(0.0), 'eval/success_rate': np.float64(0.0)}
Creating evaluation video at step 1250...
Recording evaluation episode...
