PyTorch conda environment for use with DeltaAI (CUDA 12.9)

Includes: jupyter, jupyterlab, matplotlib, pandas, scipy,
          scikit-learn, nvitop, mpi4py, tensorboard, wandb

Quick start (on compute node):
  module load python/miniforge3_pytorch/2.10.0
  conda activate base
  python -c "import torch; print(torch.cuda.is_available())"

For Jupyter notebook support (Open OnDemand):
  setup-kernel

A conda environment has been detected CONDA_PREFIX=/u/smahesh1/miniconda3
Consider running 'conda deactivate' before loading this module.
[2026-07-10T21:56:01.522] error: execve(): /var/spool/slurmd/job2636630/slurm_script: No such file or directory
[2026-07-10T21:56:01.526] error: execve(): /var/spool/slurmd/job2636630/slurm_script: No such file or directory
[2026-07-10T21:56:01.534] error: execve(): /var/spool/slurmd/job2636630/slurm_script: No such file or directory
srun: error: gh145: task 0: Exited with exit code 2
srun: error: gh134: task 0: Exited with exit code 2
srun: error: gh137: task 0: Exited with exit code 2
PyTorch conda environment for use with DeltaAI (CUDA 12.9)

Includes: jupyter, jupyterlab, matplotlib, pandas, scipy,
          scikit-learn, nvitop, mpi4py, tensorboard, wandb

Quick start (on compute node):
  module load python/miniforge3_pytorch/2.10.0
  conda activate base
  python -c "import torch; print(torch.cuda.is_available())"

For Jupyter notebook support (Open OnDemand):
  setup-kernel

